asdasda
dasdasd
